// Jest Snapshot v1, https://goo.gl/fbAQLP

exports[`App see if jest works 1`] = `
<div>
  <Styleable(Introduction)
    css={Object {}}
    info={Array []}
  />
</div>
`;
